<html>
<head>
<title>
XSLT-generated
HTML
Table
</title>
</head>
<body>
<table>
<tr>
<td>
0000
</td>
<td>
Al
</td>
<td>
Aranow
</td>
<td>
1
Any
St.
</td>
<td>
Anytown
</td>
<td>
AL
</td>
<td>
22000
</td>
</tr>
<tr>
<td>
0001
</td>
<td>
Bob
</td>
<td>
Aranow
</td>
<td>
2
Any
St.
</td>
<td>
Anytown
</td>
<td>
AL
</td>
<td>
22000
</td>
</tr>
<tr>
<td>
0002
</td>
<td>
Charles
</td>
<td>
Aranow
</td>
<td>
3
Any
St.
</td>
<td>
Anytown
</td>
<td>
AL
</td>
<td>
22000
</td>
</tr>
<tr>
<td>
0003
</td>
<td>
David
</td>
<td>
Aranow
</td>
<td>
4
Any
St.
</td>
<td>
Anytown
</td>
<td>
AL
</td>
<td>
22000
</td>
</tr>
<tr>
<td>
0004
</td>
<td>
Egon
</td>
<td>
Aranow
</td>
<td>
5
Any
St.
</td>
<td>
Anytown
</td>
<td>
AL
</td>
<td>
22000
</td>
</tr>
<tr>
<td>
0005
</td>
<td>
Farbood
</td>
<td>
Aranow
</td>
<td>
6
Any
St.
</td>
<td>
Anytown
</td>
<td>
AL
</td>
<td>
22000
</td>
</tr>
<tr>
<td>
0006
</td>
<td>
George
</td>
<td>
Aranow
</td>
<td>
7
Any
St.
</td>
<td>
Anytown
</td>
<td>
AL
</td>
<td>
22000
</td>
</tr>
<tr>
<td>
0007
</td>
<td>
Hank
</td>
<td>
Aranow
</td>
<td>
8
Any
St.
</td>
<td>
Anytown
</td>
<td>
AL
</td>
<td>
22000
</td>
</tr>
<tr>
<td>
0008
</td>
<td>
Inki
</td>
<td>
Aranow
</td>
<td>
9
Any
St.
</td>
<td>
Anytown
</td>
<td>
AL
</td>
<td>
22000
</td>
</tr>
<tr>
<td>
0009
</td>
<td>
James
</td>
<td>
Aranow
</td>
<td>
10
Any
St.
</td>
<td>
Anytown
</td>
<td>
AL
</td>
<td>
22000
</td>
</tr>
<tr>
<td>
0010
</td>
<td>
Al
</td>
<td>
Barker
</td>
<td>
11
Any
St.
</td>
<td>
Anytown
</td>
<td>
AL
</td>
<td>
22000
</td>
</tr>
<tr>
<td>
0011
</td>
<td>
Bob
</td>
<td>
Barker
</td>
<td>
12
Any
St.
</td>
<td>
Anytown
</td>
<td>
AL
</td>
<td>
22000
</td>
</tr>
<tr>
<td>
0012
</td>
<td>
Charles
</td>
<td>
Barker
</td>
<td>
13
Any
St.
</td>
<td>
Anytown
</td>
<td>
AL
</td>
<td>
22000
</td>
</tr>
<tr>
<td>
0013
</td>
<td>
David
</td>
<td>
Barker
</td>
<td>
14
Any
St.
</td>
<td>
Anytown
</td>
<td>
AL
</td>
<td>
22000
</td>
</tr>
<tr>
<td>
0014
</td>
<td>
Egon
</td>
<td>
Barker
</td>
<td>
15
Any
St.
</td>
<td>
Anytown
</td>
<td>
AL
</td>
<td>
22000
</td>
</tr>
<tr>
<td>
0015
</td>
<td>
Farbood
</td>
<td>
Barker
</td>
<td>
16
Any
St.
</td>
<td>
Anytown
</td>
<td>
AL
</td>
<td>
22000
</td>
</tr>
<tr>
<td>
0016
</td>
<td>
George
</td>
<td>
Barker
</td>
<td>
17
Any
St.
</td>
<td>
Anytown
</td>
<td>
AL
</td>
<td>
22000
</td>
</tr>
<tr>
<td>
0017
</td>
<td>
Hank
</td>
<td>
Barker
</td>
<td>
18
Any
St.
</td>
<td>
Anytown
</td>
<td>
AL
</td>
<td>
22000
</td>
</tr>
<tr>
<td>
0018
</td>
<td>
Inki
</td>
<td>
Barker
</td>
<td>
19
Any
St.
</td>
<td>
Anytown
</td>
<td>
AL
</td>
<td>
22000
</td>
</tr>
<tr>
<td>
0019
</td>
<td>
James
</td>
<td>
Barker
</td>
<td>
20
Any
St.
</td>
<td>
Anytown
</td>
<td>
AL
</td>
<td>
22000
</td>
</tr>
<tr>
<td>
0020
</td>
<td>
Al
</td>
<td>
Corsetti
</td>
<td>
21
Any
St.
</td>
<td>
Anytown
</td>
<td>
AL
</td>
<td>
22000
</td>
</tr>
<tr>
<td>
0021
</td>
<td>
Bob
</td>
<td>
Corsetti
</td>
<td>
22
Any
St.
</td>
<td>
Anytown
</td>
<td>
AL
</td>
<td>
22000
</td>
</tr>
<tr>
<td>
0022
</td>
<td>
Charles
</td>
<td>
Corsetti
</td>
<td>
23
Any
St.
</td>
<td>
Anytown
</td>
<td>
AL
</td>
<td>
22000
</td>
</tr>
<tr>
<td>
0023
</td>
<td>
David
</td>
<td>
Corsetti
</td>
<td>
24
Any
St.
</td>
<td>
Anytown
</td>
<td>
AL
</td>
<td>
22000
</td>
</tr>
<tr>
<td>
0024
</td>
<td>
Egon
</td>
<td>
Corsetti
</td>
<td>
25
Any
St.
</td>
<td>
Anytown
</td>
<td>
AL
</td>
<td>
22000
</td>
</tr>
<tr>
<td>
0025
</td>
<td>
Farbood
</td>
<td>
Corsetti
</td>
<td>
26
Any
St.
</td>
<td>
Anytown
</td>
<td>
AL
</td>
<td>
22000
</td>
</tr>
<tr>
<td>
0026
</td>
<td>
George
</td>
<td>
Corsetti
</td>
<td>
27
Any
St.
</td>
<td>
Anytown
</td>
<td>
AL
</td>
<td>
22000
</td>
</tr>
<tr>
<td>
0027
</td>
<td>
Hank
</td>
<td>
Corsetti
</td>
<td>
28
Any
St.
</td>
<td>
Anytown
</td>
<td>
AL
</td>
<td>
22000
</td>
</tr>
<tr>
<td>
0028
</td>
<td>
Inki
</td>
<td>
Corsetti
</td>
<td>
29
Any
St.
</td>
<td>
Anytown
</td>
<td>
AL
</td>
<td>
22000
</td>
</tr>
<tr>
<td>
0029
</td>
<td>
James
</td>
<td>
Corsetti
</td>
<td>
30
Any
St.
</td>
<td>
Anytown
</td>
<td>
AL
</td>
<td>
22000
</td>
</tr>
<tr>
<td>
0030
</td>
<td>
Al
</td>
<td>
Dershowitz
</td>
<td>
31
Any
St.
</td>
<td>
Anytown
</td>
<td>
AL
</td>
<td>
22000
</td>
</tr>
<tr>
<td>
0031
</td>
<td>
Bob
</td>
<td>
Dershowitz
</td>
<td>
32
Any
St.
</td>
<td>
Anytown
</td>
<td>
AL
</td>
<td>
22000
</td>
</tr>
<tr>
<td>
0032
</td>
<td>
Charles
</td>
<td>
Dershowitz
</td>
<td>
33
Any
St.
</td>
<td>
Anytown
</td>
<td>
AL
</td>
<td>
22000
</td>
</tr>
<tr>
<td>
0033
</td>
<td>
David
</td>
<td>
Dershowitz
</td>
<td>
34
Any
St.
</td>
<td>
Anytown
</td>
<td>
AL
</td>
<td>
22000
</td>
</tr>
<tr>
<td>
0034
</td>
<td>
Egon
</td>
<td>
Dershowitz
</td>
<td>
35
Any
St.
</td>
<td>
Anytown
</td>
<td>
AL
</td>
<td>
22000
</td>
</tr>
<tr>
<td>
0035
</td>
<td>
Farbood
</td>
<td>
Dershowitz
</td>
<td>
36
Any
St.
</td>
<td>
Anytown
</td>
<td>
AL
</td>
<td>
22000
</td>
</tr>
<tr>
<td>
0036
</td>
<td>
George
</td>
<td>
Dershowitz
</td>
<td>
37
Any
St.
</td>
<td>
Anytown
</td>
<td>
AL
</td>
<td>
22000
</td>
</tr>
<tr>
<td>
0037
</td>
<td>
Hank
</td>
<td>
Dershowitz
</td>
<td>
38
Any
St.
</td>
<td>
Anytown
</td>
<td>
AL
</td>
<td>
22000
</td>
</tr>
<tr>
<td>
0038
</td>
<td>
Inki
</td>
<td>
Dershowitz
</td>
<td>
39
Any
St.
</td>
<td>
Anytown
</td>
<td>
AL
</td>
<td>
22000
</td>
</tr>
<tr>
<td>
0039
</td>
<td>
James
</td>
<td>
Dershowitz
</td>
<td>
40
Any
St.
</td>
<td>
Anytown
</td>
<td>
AL
</td>
<td>
22000
</td>
</tr>
<tr>
<td>
0040
</td>
<td>
Al
</td>
<td>
Engleman
</td>
<td>
41
Any
St.
</td>
<td>
Anytown
</td>
<td>
AL
</td>
<td>
22000
</td>
</tr>
<tr>
<td>
0041
</td>
<td>
Bob
</td>
<td>
Engleman
</td>
<td>
42
Any
St.
</td>
<td>
Anytown
</td>
<td>
AL
</td>
<td>
22000
</td>
</tr>
<tr>
<td>
0042
</td>
<td>
Charles
</td>
<td>
Engleman
</td>
<td>
43
Any
St.
</td>
<td>
Anytown
</td>
<td>
AL
</td>
<td>
22000
</td>
</tr>
<tr>
<td>
0043
</td>
<td>
David
</td>
<td>
Engleman
</td>
<td>
44
Any
St.
</td>
<td>
Anytown
</td>
<td>
AL
</td>
<td>
22000
</td>
</tr>
<tr>
<td>
0044
</td>
<td>
Egon
</td>
<td>
Engleman
</td>
<td>
45
Any
St.
</td>
<td>
Anytown
</td>
<td>
AL
</td>
<td>
22000
</td>
</tr>
<tr>
<td>
0045
</td>
<td>
Farbood
</td>
<td>
Engleman
</td>
<td>
46
Any
St.
</td>
<td>
Anytown
</td>
<td>
AL
</td>
<td>
22000
</td>
</tr>
<tr>
<td>
0046
</td>
<td>
George
</td>
<td>
Engleman
</td>
<td>
47
Any
St.
</td>
<td>
Anytown
</td>
<td>
AL
</td>
<td>
22000
</td>
</tr>
<tr>
<td>
0047
</td>
<td>
Hank
</td>
<td>
Engleman
</td>
<td>
48
Any
St.
</td>
<td>
Anytown
</td>
<td>
AL
</td>
<td>
22000
</td>
</tr>
<tr>
<td>
0048
</td>
<td>
Inki
</td>
<td>
Engleman
</td>
<td>
49
Any
St.
</td>
<td>
Anytown
</td>
<td>
AL
</td>
<td>
22000
</td>
</tr>
<tr>
<td>
0049
</td>
<td>
James
</td>
<td>
Engleman
</td>
<td>
50
Any
St.
</td>
<td>
Anytown
</td>
<td>
AL
</td>
<td>
22000
</td>
</tr>
</table>
</body>
</html>
