<html>
<head>
<title>
XSLT-generated
HTML
Table
</title>
</head>
<body>
<table>
<tr>
<td>
0000
</td>
<td>
Al
</td>
<td>
Aranow
</td>
<td>
1
Any
St.
</td>
<td>
Anytown
</td>
<td>
AL
</td>
<td>
22000
</td>
</tr>
<tr>
<td>
0001
</td>
<td>
Bob
</td>
<td>
Aranow
</td>
<td>
2
Any
St.
</td>
<td>
Anytown
</td>
<td>
AL
</td>
<td>
22000
</td>
</tr>
<tr>
<td>
0002
</td>
<td>
Charles
</td>
<td>
Aranow
</td>
<td>
3
Any
St.
</td>
<td>
Anytown
</td>
<td>
AL
</td>
<td>
22000
</td>
</tr>
<tr>
<td>
0003
</td>
<td>
David
</td>
<td>
Aranow
</td>
<td>
4
Any
St.
</td>
<td>
Anytown
</td>
<td>
AL
</td>
<td>
22000
</td>
</tr>
<tr>
<td>
0004
</td>
<td>
Egon
</td>
<td>
Aranow
</td>
<td>
5
Any
St.
</td>
<td>
Anytown
</td>
<td>
AL
</td>
<td>
22000
</td>
</tr>
<tr>
<td>
0005
</td>
<td>
Farbood
</td>
<td>
Aranow
</td>
<td>
6
Any
St.
</td>
<td>
Anytown
</td>
<td>
AL
</td>
<td>
22000
</td>
</tr>
<tr>
<td>
0006
</td>
<td>
George
</td>
<td>
Aranow
</td>
<td>
7
Any
St.
</td>
<td>
Anytown
</td>
<td>
AL
</td>
<td>
22000
</td>
</tr>
<tr>
<td>
0007
</td>
<td>
Hank
</td>
<td>
Aranow
</td>
<td>
8
Any
St.
</td>
<td>
Anytown
</td>
<td>
AL
</td>
<td>
22000
</td>
</tr>
<tr>
<td>
0008
</td>
<td>
Inki
</td>
<td>
Aranow
</td>
<td>
9
Any
St.
</td>
<td>
Anytown
</td>
<td>
AL
</td>
<td>
22000
</td>
</tr>
<tr>
<td>
0009
</td>
<td>
James
</td>
<td>
Aranow
</td>
<td>
10
Any
St.
</td>
<td>
Anytown
</td>
<td>
AL
</td>
<td>
22000
</td>
</tr>
</table>
</body>
</html>
